// Jest Snapshot v1, https://goo.gl/fbAQLP

exports[`mounted Keypad should render correctly 1`] = `ReactWrapper {}`;
